<!doctype html public "-//w3c//dtd html 4.0 transitional//en">
<html><head>
<title>Static Call Graph - [.\Objects\BLDC_Sensorless.axf]</title></head>
<body><HR>
<H1>Static Call Graph for image .\Objects\BLDC_Sensorless.axf</H1><HR>
<BR><P>#&#060CALLGRAPH&#062# ARM Linker, 5060960: Last Updated: Tue Oct 10 10:23:34 2023
<BR><P>
<H3>Maximum Stack Usage =        132 bytes + Unknown(Cycles, Untraceable Function Pointers)</H3><H3>
Call chain for Maximum Stack Depth:</H3>
main &rArr; initBLDC &rArr; GPIO_Init
<P>
<H3>
Mutually Recursive functions
</H3> <LI><a href="#[17]">COMP1_2_IRQHandler</a>&nbsp;&nbsp;&nbsp;&rArr;&nbsp;&nbsp;&nbsp;<a href="#[17]">COMP1_2_IRQHandler</a><BR>
 <LI><a href="#[2]">HardFault_Handler</a>&nbsp;&nbsp;&nbsp;&rArr;&nbsp;&nbsp;&nbsp;<a href="#[2]">HardFault_Handler</a><BR>
</UL>
<P>
<H3>
Function Pointers
</H3><UL>
 <LI><a href="#[10]">ADC_IRQHandler</a> from mm32spin0230_it.o(i.ADC_IRQHandler) referenced from startup_mm32spin0230_keil.o(RESET)
 <LI><a href="#[1c]">BLDC_UH_VL</a> from mcconfig.o(i.BLDC_UH_VL) referenced 2 times from mctable.o(.data)
 <LI><a href="#[1d]">BLDC_UH_WL</a> from mcconfig.o(i.BLDC_UH_WL) referenced 2 times from mctable.o(.data)
 <LI><a href="#[1f]">BLDC_VH_UL</a> from mcconfig.o(i.BLDC_VH_UL) referenced 2 times from mctable.o(.data)
 <LI><a href="#[1e]">BLDC_VH_WL</a> from mcconfig.o(i.BLDC_VH_WL) referenced 2 times from mctable.o(.data)
 <LI><a href="#[20]">BLDC_WH_UL</a> from mcconfig.o(i.BLDC_WH_UL) referenced 2 times from mctable.o(.data)
 <LI><a href="#[21]">BLDC_WH_VL</a> from mcconfig.o(i.BLDC_WH_VL) referenced 2 times from mctable.o(.data)
 <LI><a href="#[17]">COMP1_2_IRQHandler</a> from startup_mm32spin0230_keil.o(.text) referenced from startup_mm32spin0230_keil.o(RESET)
 <LI><a href="#[e]">DMA1_Channel1_IRQHandler</a> from startup_mm32spin0230_keil.o(.text) referenced from startup_mm32spin0230_keil.o(RESET)
 <LI><a href="#[f]">DMA1_Channel2_IRQHandler</a> from startup_mm32spin0230_keil.o(.text) referenced from startup_mm32spin0230_keil.o(RESET)
 <LI><a href="#[a]">EXTI0_1_IRQHandler</a> from startup_mm32spin0230_keil.o(.text) referenced from startup_mm32spin0230_keil.o(RESET)
 <LI><a href="#[b]">EXTI2_3_IRQHandler</a> from startup_mm32spin0230_keil.o(.text) referenced from startup_mm32spin0230_keil.o(RESET)
 <LI><a href="#[c]">EXTI4_15_IRQHandler</a> from startup_mm32spin0230_keil.o(.text) referenced from startup_mm32spin0230_keil.o(RESET)
 <LI><a href="#[8]">FLASH_IRQHandler</a> from startup_mm32spin0230_keil.o(.text) referenced from startup_mm32spin0230_keil.o(RESET)
 <LI><a href="#[d]">HWDIV_IRQHandler</a> from startup_mm32spin0230_keil.o(.text) referenced from startup_mm32spin0230_keil.o(RESET)
 <LI><a href="#[2]">HardFault_Handler</a> from mm32spin0230_it.o(i.HardFault_Handler) referenced from startup_mm32spin0230_keil.o(RESET)
 <LI><a href="#[6]">IWDG_IRQHandler</a> from startup_mm32spin0230_keil.o(.text) referenced from startup_mm32spin0230_keil.o(RESET)
 <LI><a href="#[1]">NMI_Handler</a> from mm32spin0230_it.o(i.NMI_Handler) referenced from startup_mm32spin0230_keil.o(RESET)
 <LI><a href="#[7]">PVD_IRQHandler</a> from startup_mm32spin0230_keil.o(.text) referenced from startup_mm32spin0230_keil.o(RESET)
 <LI><a href="#[4]">PendSV_Handler</a> from mm32spin0230_it.o(i.PendSV_Handler) referenced from startup_mm32spin0230_keil.o(RESET)
 <LI><a href="#[9]">RCC_IRQHandler</a> from startup_mm32spin0230_keil.o(.text) referenced from startup_mm32spin0230_keil.o(RESET)
 <LI><a href="#[0]">Reset_Handler</a> from startup_mm32spin0230_keil.o(.text) referenced from startup_mm32spin0230_keil.o(RESET)
 <LI><a href="#[3]">SVC_Handler</a> from mm32spin0230_it.o(i.SVC_Handler) referenced from startup_mm32spin0230_keil.o(RESET)
 <LI><a href="#[5]">SysTick_Handler</a> from mm32spin0230_it.o(i.SysTick_Handler) referenced from startup_mm32spin0230_keil.o(RESET)
 <LI><a href="#[1a]">SystemInit</a> from system_mm32spin0230.o(i.SystemInit) referenced from startup_mm32spin0230_keil.o(.text)
 <LI><a href="#[15]">TIM13_IRQHandler</a> from startup_mm32spin0230_keil.o(.text) referenced from startup_mm32spin0230_keil.o(RESET)
 <LI><a href="#[16]">TIM14_IRQHandler</a> from startup_mm32spin0230_keil.o(.text) referenced from startup_mm32spin0230_keil.o(RESET)
 <LI><a href="#[11]">TIM1_BRK_UP_TRG_COM_IRQHandler</a> from startup_mm32spin0230_keil.o(.text) referenced from startup_mm32spin0230_keil.o(RESET)
 <LI><a href="#[12]">TIM1_CC_IRQHandler</a> from startup_mm32spin0230_keil.o(.text) referenced from startup_mm32spin0230_keil.o(RESET)
 <LI><a href="#[13]">TIM2_IRQHandler</a> from startup_mm32spin0230_keil.o(.text) referenced from startup_mm32spin0230_keil.o(RESET)
 <LI><a href="#[14]">TIM6_IRQHandler</a> from startup_mm32spin0230_keil.o(.text) referenced from startup_mm32spin0230_keil.o(RESET)
 <LI><a href="#[18]">USART1_IRQHandler</a> from startup_mm32spin0230_keil.o(.text) referenced from startup_mm32spin0230_keil.o(RESET)
 <LI><a href="#[1b]">__main</a> from entry.o(.ARM.Collect$$$$00000000) referenced from startup_mm32spin0230_keil.o(.text)
 <LI><a href="#[19]">main</a> from main.o(i.main) referenced from entry9a.o(.ARM.Collect$$$$0000000B)
</UL>
<P>
<H3>
Global Symbols
</H3>
<P><STRONG><a name="[1b]"></a>__main</STRONG> (Thumb, 0 bytes, Stack size unknown bytes, entry.o(.ARM.Collect$$$$00000000))
<BR>[Address Reference Count : 1]<UL><LI> startup_mm32spin0230_keil.o(.text)
</UL>
<P><STRONG><a name="[68]"></a>_main_stk</STRONG> (Thumb, 0 bytes, Stack size unknown bytes, entry2.o(.ARM.Collect$$$$00000001))

<P><STRONG><a name="[22]"></a>_main_scatterload</STRONG> (Thumb, 0 bytes, Stack size unknown bytes, entry5.o(.ARM.Collect$$$$00000004))
<BR><BR>[Calls]<UL><LI><a href="#[23]">&gt;&gt;</a>&nbsp;&nbsp;&nbsp;__scatterload
</UL>

<P><STRONG><a name="[26]"></a>__main_after_scatterload</STRONG> (Thumb, 0 bytes, Stack size unknown bytes, entry5.o(.ARM.Collect$$$$00000004))
<BR><BR>[Called By]<UL><LI><a href="#[23]">&gt;&gt;</a>&nbsp;&nbsp;&nbsp;__scatterload
</UL>

<P><STRONG><a name="[69]"></a>_main_clock</STRONG> (Thumb, 0 bytes, Stack size unknown bytes, entry7b.o(.ARM.Collect$$$$00000008))

<P><STRONG><a name="[6a]"></a>_main_cpp_init</STRONG> (Thumb, 0 bytes, Stack size unknown bytes, entry8b.o(.ARM.Collect$$$$0000000A))

<P><STRONG><a name="[6b]"></a>_main_init</STRONG> (Thumb, 0 bytes, Stack size unknown bytes, entry9a.o(.ARM.Collect$$$$0000000B))

<P><STRONG><a name="[24]"></a>__rt_lib_shutdown_fini</STRONG> (Thumb, 0 bytes, Stack size unknown bytes, entry12b.o(.ARM.Collect$$$$0000000E))
<BR><BR>[Calls]<UL><LI><a href="#[25]">&gt;&gt;</a>&nbsp;&nbsp;&nbsp;__arm_fini_ (Weak Reference)
</UL>

<P><STRONG><a name="[6c]"></a>__rt_final_cpp</STRONG> (Thumb, 0 bytes, Stack size unknown bytes, entry10a.o(.ARM.Collect$$$$0000000F))

<P><STRONG><a name="[6d]"></a>__rt_final_exit</STRONG> (Thumb, 0 bytes, Stack size unknown bytes, entry11a.o(.ARM.Collect$$$$00000011))

<P><STRONG><a name="[0]"></a>Reset_Handler</STRONG> (Thumb, 14 bytes, Stack size 0 bytes, startup_mm32spin0230_keil.o(.text))
<BR>[Address Reference Count : 1]<UL><LI> startup_mm32spin0230_keil.o(RESET)
</UL>
<P><STRONG><a name="[17]"></a>COMP1_2_IRQHandler</STRONG> (Thumb, 0 bytes, Stack size 0 bytes, startup_mm32spin0230_keil.o(.text))
<BR><BR>[Calls]<UL><LI><a href="#[17]">&gt;&gt;</a>&nbsp;&nbsp;&nbsp;COMP1_2_IRQHandler
</UL>
<BR>[Called By]<UL><LI><a href="#[17]">&gt;&gt;</a>&nbsp;&nbsp;&nbsp;COMP1_2_IRQHandler
</UL>
<BR>[Address Reference Count : 1]<UL><LI> startup_mm32spin0230_keil.o(RESET)
</UL>
<P><STRONG><a name="[e]"></a>DMA1_Channel1_IRQHandler</STRONG> (Thumb, 0 bytes, Stack size 0 bytes, startup_mm32spin0230_keil.o(.text))
<BR>[Address Reference Count : 1]<UL><LI> startup_mm32spin0230_keil.o(RESET)
</UL>
<P><STRONG><a name="[f]"></a>DMA1_Channel2_IRQHandler</STRONG> (Thumb, 0 bytes, Stack size 0 bytes, startup_mm32spin0230_keil.o(.text))
<BR>[Address Reference Count : 1]<UL><LI> startup_mm32spin0230_keil.o(RESET)
</UL>
<P><STRONG><a name="[a]"></a>EXTI0_1_IRQHandler</STRONG> (Thumb, 0 bytes, Stack size 0 bytes, startup_mm32spin0230_keil.o(.text))
<BR>[Address Reference Count : 1]<UL><LI> startup_mm32spin0230_keil.o(RESET)
</UL>
<P><STRONG><a name="[b]"></a>EXTI2_3_IRQHandler</STRONG> (Thumb, 0 bytes, Stack size 0 bytes, startup_mm32spin0230_keil.o(.text))
<BR>[Address Reference Count : 1]<UL><LI> startup_mm32spin0230_keil.o(RESET)
</UL>
<P><STRONG><a name="[c]"></a>EXTI4_15_IRQHandler</STRONG> (Thumb, 0 bytes, Stack size 0 bytes, startup_mm32spin0230_keil.o(.text))
<BR>[Address Reference Count : 1]<UL><LI> startup_mm32spin0230_keil.o(RESET)
</UL>
<P><STRONG><a name="[8]"></a>FLASH_IRQHandler</STRONG> (Thumb, 0 bytes, Stack size 0 bytes, startup_mm32spin0230_keil.o(.text))
<BR>[Address Reference Count : 1]<UL><LI> startup_mm32spin0230_keil.o(RESET)
</UL>
<P><STRONG><a name="[d]"></a>HWDIV_IRQHandler</STRONG> (Thumb, 0 bytes, Stack size 0 bytes, startup_mm32spin0230_keil.o(.text))
<BR>[Address Reference Count : 1]<UL><LI> startup_mm32spin0230_keil.o(RESET)
</UL>
<P><STRONG><a name="[6]"></a>IWDG_IRQHandler</STRONG> (Thumb, 0 bytes, Stack size 0 bytes, startup_mm32spin0230_keil.o(.text))
<BR>[Address Reference Count : 1]<UL><LI> startup_mm32spin0230_keil.o(RESET)
</UL>
<P><STRONG><a name="[7]"></a>PVD_IRQHandler</STRONG> (Thumb, 0 bytes, Stack size 0 bytes, startup_mm32spin0230_keil.o(.text))
<BR>[Address Reference Count : 1]<UL><LI> startup_mm32spin0230_keil.o(RESET)
</UL>
<P><STRONG><a name="[9]"></a>RCC_IRQHandler</STRONG> (Thumb, 0 bytes, Stack size 0 bytes, startup_mm32spin0230_keil.o(.text))
<BR>[Address Reference Count : 1]<UL><LI> startup_mm32spin0230_keil.o(RESET)
</UL>
<P><STRONG><a name="[15]"></a>TIM13_IRQHandler</STRONG> (Thumb, 0 bytes, Stack size 0 bytes, startup_mm32spin0230_keil.o(.text))
<BR>[Address Reference Count : 1]<UL><LI> startup_mm32spin0230_keil.o(RESET)
</UL>
<P><STRONG><a name="[16]"></a>TIM14_IRQHandler</STRONG> (Thumb, 0 bytes, Stack size 0 bytes, startup_mm32spin0230_keil.o(.text))
<BR>[Address Reference Count : 1]<UL><LI> startup_mm32spin0230_keil.o(RESET)
</UL>
<P><STRONG><a name="[11]"></a>TIM1_BRK_UP_TRG_COM_IRQHandler</STRONG> (Thumb, 0 bytes, Stack size 0 bytes, startup_mm32spin0230_keil.o(.text))
<BR>[Address Reference Count : 1]<UL><LI> startup_mm32spin0230_keil.o(RESET)
</UL>
<P><STRONG><a name="[12]"></a>TIM1_CC_IRQHandler</STRONG> (Thumb, 0 bytes, Stack size 0 bytes, startup_mm32spin0230_keil.o(.text))
<BR>[Address Reference Count : 1]<UL><LI> startup_mm32spin0230_keil.o(RESET)
</UL>
<P><STRONG><a name="[13]"></a>TIM2_IRQHandler</STRONG> (Thumb, 0 bytes, Stack size 0 bytes, startup_mm32spin0230_keil.o(.text))
<BR>[Address Reference Count : 1]<UL><LI> startup_mm32spin0230_keil.o(RESET)
</UL>
<P><STRONG><a name="[14]"></a>TIM6_IRQHandler</STRONG> (Thumb, 0 bytes, Stack size 0 bytes, startup_mm32spin0230_keil.o(.text))
<BR>[Address Reference Count : 1]<UL><LI> startup_mm32spin0230_keil.o(RESET)
</UL>
<P><STRONG><a name="[18]"></a>USART1_IRQHandler</STRONG> (Thumb, 0 bytes, Stack size 0 bytes, startup_mm32spin0230_keil.o(.text))
<BR>[Address Reference Count : 1]<UL><LI> startup_mm32spin0230_keil.o(RESET)
</UL>
<P><STRONG><a name="[6e]"></a>__aeabi_uidiv</STRONG> (Thumb, 0 bytes, Stack size 12 bytes, uidiv.o(.text), UNUSED)

<P><STRONG><a name="[40]"></a>__aeabi_uidivmod</STRONG> (Thumb, 44 bytes, Stack size 12 bytes, uidiv.o(.text))
<BR><BR>[Stack]<UL><LI>Max Depth = 12<LI>Call Chain = __aeabi_uidivmod
</UL>
<BR>[Called By]<UL><LI><a href="#[3e]">&gt;&gt;</a>&nbsp;&nbsp;&nbsp;PLATFORM_InitDelay
</UL>

<P><STRONG><a name="[23]"></a>__scatterload</STRONG> (Thumb, 28 bytes, Stack size 0 bytes, init.o(.text))
<BR><BR>[Calls]<UL><LI><a href="#[26]">&gt;&gt;</a>&nbsp;&nbsp;&nbsp;__main_after_scatterload
</UL>
<BR>[Called By]<UL><LI><a href="#[22]">&gt;&gt;</a>&nbsp;&nbsp;&nbsp;_main_scatterload
</UL>

<P><STRONG><a name="[6f]"></a>__scatterload_rt2</STRONG> (Thumb, 0 bytes, Stack size 0 bytes, init.o(.text), UNUSED)

<P><STRONG><a name="[28]"></a>ADC_ClearITPendingBit</STRONG> (Thumb, 78 bytes, Stack size 0 bytes, hal_adc.o(i.ADC_ClearITPendingBit))
<BR><BR>[Called By]<UL><LI><a href="#[10]">&gt;&gt;</a>&nbsp;&nbsp;&nbsp;ADC_IRQHandler
</UL>

<P><STRONG><a name="[4f]"></a>ADC_Cmd</STRONG> (Thumb, 20 bytes, Stack size 0 bytes, hal_adc.o(i.ADC_Cmd))
<BR><BR>[Called By]<UL><LI><a href="#[41]">&gt;&gt;</a>&nbsp;&nbsp;&nbsp;initBLDC
</UL>

<P><STRONG><a name="[27]"></a>ADC_GetITStatus</STRONG> (Thumb, 98 bytes, Stack size 0 bytes, hal_adc.o(i.ADC_GetITStatus))
<BR><BR>[Called By]<UL><LI><a href="#[10]">&gt;&gt;</a>&nbsp;&nbsp;&nbsp;ADC_IRQHandler
</UL>

<P><STRONG><a name="[10]"></a>ADC_IRQHandler</STRONG> (Thumb, 30 bytes, Stack size 8 bytes, mm32spin0230_it.o(i.ADC_IRQHandler))
<BR><BR>[Stack]<UL><LI>Max Depth = 60<LI>Call Chain = ADC_IRQHandler &rArr; MotorHighFrequencyStateMachine &rArr; stopBLDC &rArr; TIM_CCxCmd
</UL>
<BR>[Calls]<UL><LI><a href="#[29]">&gt;&gt;</a>&nbsp;&nbsp;&nbsp;MotorHighFrequencyStateMachine
<LI><a href="#[27]">&gt;&gt;</a>&nbsp;&nbsp;&nbsp;ADC_GetITStatus
<LI><a href="#[28]">&gt;&gt;</a>&nbsp;&nbsp;&nbsp;ADC_ClearITPendingBit
</UL>
<BR>[Address Reference Count : 1]<UL><LI> startup_mm32spin0230_keil.o(RESET)
</UL>
<P><STRONG><a name="[4e]"></a>ADC_ITConfig</STRONG> (Thumb, 126 bytes, Stack size 12 bytes, hal_adc.o(i.ADC_ITConfig))
<BR><BR>[Stack]<UL><LI>Max Depth = 12<LI>Call Chain = ADC_ITConfig
</UL>
<BR>[Called By]<UL><LI><a href="#[41]">&gt;&gt;</a>&nbsp;&nbsp;&nbsp;initBLDC
</UL>

<P><STRONG><a name="[46]"></a>ADC_Init</STRONG> (Thumb, 86 bytes, Stack size 4 bytes, hal_adc.o(i.ADC_Init))
<BR><BR>[Stack]<UL><LI>Max Depth = 4<LI>Call Chain = ADC_Init
</UL>
<BR>[Called By]<UL><LI><a href="#[41]">&gt;&gt;</a>&nbsp;&nbsp;&nbsp;initBLDC
</UL>

<P><STRONG><a name="[48]"></a>ADC_InjectedChannelNumCfg</STRONG> (Thumb, 20 bytes, Stack size 0 bytes, hal_adc.o(i.ADC_InjectedChannelNumCfg))
<BR><BR>[Called By]<UL><LI><a href="#[41]">&gt;&gt;</a>&nbsp;&nbsp;&nbsp;initBLDC
</UL>

<P><STRONG><a name="[4a]"></a>ADC_InjectedChannelOffsetCfg</STRONG> (Thumb, 34 bytes, Stack size 0 bytes, hal_adc.o(i.ADC_InjectedChannelOffsetCfg))
<BR><BR>[Called By]<UL><LI><a href="#[41]">&gt;&gt;</a>&nbsp;&nbsp;&nbsp;initBLDC
</UL>

<P><STRONG><a name="[49]"></a>ADC_InjectedChannelSelect</STRONG> (Thumb, 30 bytes, Stack size 4 bytes, hal_adc.o(i.ADC_InjectedChannelSelect))
<BR><BR>[Stack]<UL><LI>Max Depth = 4<LI>Call Chain = ADC_InjectedChannelSelect
</UL>
<BR>[Called By]<UL><LI><a href="#[41]">&gt;&gt;</a>&nbsp;&nbsp;&nbsp;initBLDC
</UL>

<P><STRONG><a name="[4d]"></a>ADC_InjectedConvCmd</STRONG> (Thumb, 18 bytes, Stack size 0 bytes, hal_adc.o(i.ADC_InjectedConvCmd))
<BR><BR>[Called By]<UL><LI><a href="#[41]">&gt;&gt;</a>&nbsp;&nbsp;&nbsp;initBLDC
</UL>

<P><STRONG><a name="[4c]"></a>ADC_InjectedExternalTrigConvCmd</STRONG> (Thumb, 18 bytes, Stack size 0 bytes, hal_adc.o(i.ADC_InjectedExternalTrigConvCmd))
<BR><BR>[Called By]<UL><LI><a href="#[41]">&gt;&gt;</a>&nbsp;&nbsp;&nbsp;initBLDC
</UL>

<P><STRONG><a name="[4b]"></a>ADC_InjectedExternalTrigSourceConfig</STRONG> (Thumb, 48 bytes, Stack size 8 bytes, hal_adc.o(i.ADC_InjectedExternalTrigSourceConfig))
<BR><BR>[Stack]<UL><LI>Max Depth = 8<LI>Call Chain = ADC_InjectedExternalTrigSourceConfig
</UL>
<BR>[Called By]<UL><LI><a href="#[41]">&gt;&gt;</a>&nbsp;&nbsp;&nbsp;initBLDC
</UL>

<P><STRONG><a name="[47]"></a>ADC_SampleTimeConfig</STRONG> (Thumb, 48 bytes, Stack size 4 bytes, hal_adc.o(i.ADC_SampleTimeConfig))
<BR><BR>[Stack]<UL><LI>Max Depth = 4<LI>Call Chain = ADC_SampleTimeConfig
</UL>
<BR>[Called By]<UL><LI><a href="#[41]">&gt;&gt;</a>&nbsp;&nbsp;&nbsp;initBLDC
</UL>

<P><STRONG><a name="[45]"></a>ADC_StructInit</STRONG> (Thumb, 12 bytes, Stack size 0 bytes, hal_adc.o(i.ADC_StructInit))
<BR><BR>[Called By]<UL><LI><a href="#[41]">&gt;&gt;</a>&nbsp;&nbsp;&nbsp;initBLDC
</UL>

<P><STRONG><a name="[65]"></a>BLDC_CMD_Reverse</STRONG> (Thumb, 30 bytes, Stack size 0 bytes, mccmd.o(i.BLDC_CMD_Reverse))
<BR><BR>[Called By]<UL><LI><a href="#[19]">&gt;&gt;</a>&nbsp;&nbsp;&nbsp;main
</UL>

<P><STRONG><a name="[5e]"></a>BLDC_CMD_SetDirection</STRONG> (Thumb, 18 bytes, Stack size 0 bytes, mccmd.o(i.BLDC_CMD_SetDirection))
<BR><BR>[Called By]<UL><LI><a href="#[19]">&gt;&gt;</a>&nbsp;&nbsp;&nbsp;main
</UL>

<P><STRONG><a name="[62]"></a>BLDC_CMD_SetSpeed</STRONG> (Thumb, 18 bytes, Stack size 0 bytes, mccmd.o(i.BLDC_CMD_SetSpeed))
<BR><BR>[Called By]<UL><LI><a href="#[19]">&gt;&gt;</a>&nbsp;&nbsp;&nbsp;main
</UL>

<P><STRONG><a name="[63]"></a>BLDC_CMD_Start</STRONG> (Thumb, 16 bytes, Stack size 0 bytes, mccmd.o(i.BLDC_CMD_Start))
<BR><BR>[Called By]<UL><LI><a href="#[19]">&gt;&gt;</a>&nbsp;&nbsp;&nbsp;main
</UL>

<P><STRONG><a name="[64]"></a>BLDC_CMD_Stop</STRONG> (Thumb, 16 bytes, Stack size 0 bytes, mccmd.o(i.BLDC_CMD_Stop))
<BR><BR>[Called By]<UL><LI><a href="#[19]">&gt;&gt;</a>&nbsp;&nbsp;&nbsp;main
</UL>

<P><STRONG><a name="[5f]"></a>BLDC_CMD_WaitExc</STRONG> (Thumb, 10 bytes, Stack size 0 bytes, mccmd.o(i.BLDC_CMD_WaitExc))
<BR><BR>[Called By]<UL><LI><a href="#[19]">&gt;&gt;</a>&nbsp;&nbsp;&nbsp;main
</UL>

<P><STRONG><a name="[5d]"></a>BLDC_CmdInit</STRONG> (Thumb, 8 bytes, Stack size 0 bytes, mccmd.o(i.BLDC_CmdInit))
<BR><BR>[Called By]<UL><LI><a href="#[41]">&gt;&gt;</a>&nbsp;&nbsp;&nbsp;initBLDC
</UL>

<P><STRONG><a name="[61]"></a>BLDC_Delay</STRONG> (Thumb, 12 bytes, Stack size 0 bytes, mccmd.o(i.BLDC_Delay))
<BR><BR>[Called By]<UL><LI><a href="#[19]">&gt;&gt;</a>&nbsp;&nbsp;&nbsp;main
</UL>

<P><STRONG><a name="[2a]"></a>BLDC_Exc</STRONG> (Thumb, 150 bytes, Stack size 16 bytes, mccmd.o(i.BLDC_Exc))
<BR><BR>[Stack]<UL><LI>Max Depth = 36<LI>Call Chain = BLDC_Exc &rArr; stopBLDC &rArr; TIM_CCxCmd
</UL>
<BR>[Calls]<UL><LI><a href="#[2b]">&gt;&gt;</a>&nbsp;&nbsp;&nbsp;stopBLDC
<LI><a href="#[2c]">&gt;&gt;</a>&nbsp;&nbsp;&nbsp;hardwareUnsignedDiv
</UL>
<BR>[Called By]<UL><LI><a href="#[5]">&gt;&gt;</a>&nbsp;&nbsp;&nbsp;SysTick_Handler
</UL>

<P><STRONG><a name="[36]"></a>BLDC_GetBusCurrent</STRONG> (Thumb, 94 bytes, Stack size 16 bytes, mcconfig.o(i.BLDC_GetBusCurrent))
<BR><BR>[Stack]<UL><LI>Max Depth = 16<LI>Call Chain = BLDC_GetBusCurrent
</UL>
<BR>[Called By]<UL><LI><a href="#[29]">&gt;&gt;</a>&nbsp;&nbsp;&nbsp;MotorHighFrequencyStateMachine
</UL>

<P><STRONG><a name="[37]"></a>BLDC_GetBusVoltage</STRONG> (Thumb, 2 bytes, Stack size 0 bytes, mcconfig.o(i.BLDC_GetBusVoltage))
<BR><BR>[Called By]<UL><LI><a href="#[29]">&gt;&gt;</a>&nbsp;&nbsp;&nbsp;MotorHighFrequencyStateMachine
</UL>

<P><STRONG><a name="[39]"></a>BLDC_SwitchOffAllLowSides</STRONG> (Thumb, 16 bytes, Stack size 0 bytes, mcconfig.o(i.BLDC_SwitchOffAllLowSides))
<BR><BR>[Called By]<UL><LI><a href="#[29]">&gt;&gt;</a>&nbsp;&nbsp;&nbsp;MotorHighFrequencyStateMachine
</UL>

<P><STRONG><a name="[38]"></a>BLDC_SwitchOnAllLowSides</STRONG> (Thumb, 16 bytes, Stack size 0 bytes, mcconfig.o(i.BLDC_SwitchOnAllLowSides))
<BR><BR>[Called By]<UL><LI><a href="#[29]">&gt;&gt;</a>&nbsp;&nbsp;&nbsp;MotorHighFrequencyStateMachine
</UL>

<P><STRONG><a name="[1c]"></a>BLDC_UH_VL</STRONG> (Thumb, 32 bytes, Stack size 0 bytes, mcconfig.o(i.BLDC_UH_VL))
<BR><BR>[Called By]<UL><LI><a href="#[29]">&gt;&gt;</a>&nbsp;&nbsp;&nbsp;MotorHighFrequencyStateMachine
</UL>
<BR>[Address Reference Count : 2]<UL><LI> mctable.o(.data)
<LI> mctable.o(.data)
</UL>
<P><STRONG><a name="[1d]"></a>BLDC_UH_WL</STRONG> (Thumb, 32 bytes, Stack size 0 bytes, mcconfig.o(i.BLDC_UH_WL))
<BR>[Address Reference Count : 2]<UL><LI> mctable.o(.data)
<LI> mctable.o(.data)
</UL>
<P><STRONG><a name="[1f]"></a>BLDC_VH_UL</STRONG> (Thumb, 30 bytes, Stack size 0 bytes, mcconfig.o(i.BLDC_VH_UL))
<BR>[Address Reference Count : 2]<UL><LI> mctable.o(.data)
<LI> mctable.o(.data)
</UL>
<P><STRONG><a name="[1e]"></a>BLDC_VH_WL</STRONG> (Thumb, 32 bytes, Stack size 0 bytes, mcconfig.o(i.BLDC_VH_WL))
<BR>[Address Reference Count : 2]<UL><LI> mctable.o(.data)
<LI> mctable.o(.data)
</UL>
<P><STRONG><a name="[20]"></a>BLDC_WH_UL</STRONG> (Thumb, 30 bytes, Stack size 0 bytes, mcconfig.o(i.BLDC_WH_UL))
<BR>[Address Reference Count : 2]<UL><LI> mctable.o(.data)
<LI> mctable.o(.data)
</UL>
<P><STRONG><a name="[21]"></a>BLDC_WH_VL</STRONG> (Thumb, 32 bytes, Stack size 0 bytes, mcconfig.o(i.BLDC_WH_VL))
<BR>[Address Reference Count : 2]<UL><LI> mctable.o(.data)
<LI> mctable.o(.data)
</UL>
<P><STRONG><a name="[2d]"></a>GPIO_Configure</STRONG> (Thumb, 190 bytes, Stack size 24 bytes, gpio_led_toggle.o(i.GPIO_Configure))
<BR><BR>[Stack]<UL><LI>Max Depth = 44<LI>Call Chain = GPIO_Configure &rArr; GPIO_Init
</UL>
<BR>[Calls]<UL><LI><a href="#[2e]">&gt;&gt;</a>&nbsp;&nbsp;&nbsp;RCC_AHBPeriphClockCmd
<LI><a href="#[31]">&gt;&gt;</a>&nbsp;&nbsp;&nbsp;GPIO_WriteBit
<LI><a href="#[2f]">&gt;&gt;</a>&nbsp;&nbsp;&nbsp;GPIO_StructInit
<LI><a href="#[30]">&gt;&gt;</a>&nbsp;&nbsp;&nbsp;GPIO_Init
</UL>
<BR>[Called By]<UL><LI><a href="#[19]">&gt;&gt;</a>&nbsp;&nbsp;&nbsp;main
</UL>

<P><STRONG><a name="[32]"></a>GPIO_IO_Toggle</STRONG> (Thumb, 30 bytes, Stack size 16 bytes, gpio_led_toggle.o(i.GPIO_IO_Toggle))
<BR><BR>[Stack]<UL><LI>Max Depth = 16<LI>Call Chain = GPIO_IO_Toggle
</UL>
<BR>[Calls]<UL><LI><a href="#[35]">&gt;&gt;</a>&nbsp;&nbsp;&nbsp;GPIO_SetBits
<LI><a href="#[34]">&gt;&gt;</a>&nbsp;&nbsp;&nbsp;GPIO_ResetBits
<LI><a href="#[33]">&gt;&gt;</a>&nbsp;&nbsp;&nbsp;GPIO_ReadOutputDataBit
</UL>
<BR>[Called By]<UL><LI><a href="#[19]">&gt;&gt;</a>&nbsp;&nbsp;&nbsp;main
</UL>

<P><STRONG><a name="[30]"></a>GPIO_Init</STRONG> (Thumb, 148 bytes, Stack size 20 bytes, hal_gpio.o(i.GPIO_Init))
<BR><BR>[Stack]<UL><LI>Max Depth = 20<LI>Call Chain = GPIO_Init
</UL>
<BR>[Called By]<UL><LI><a href="#[41]">&gt;&gt;</a>&nbsp;&nbsp;&nbsp;initBLDC
<LI><a href="#[2d]">&gt;&gt;</a>&nbsp;&nbsp;&nbsp;GPIO_Configure
</UL>

<P><STRONG><a name="[50]"></a>GPIO_PinAFConfig</STRONG> (Thumb, 34 bytes, Stack size 4 bytes, hal_gpio.o(i.GPIO_PinAFConfig))
<BR><BR>[Stack]<UL><LI>Max Depth = 4<LI>Call Chain = GPIO_PinAFConfig
</UL>
<BR>[Called By]<UL><LI><a href="#[41]">&gt;&gt;</a>&nbsp;&nbsp;&nbsp;initBLDC
</UL>

<P><STRONG><a name="[60]"></a>GPIO_ReadInputDataBit</STRONG> (Thumb, 10 bytes, Stack size 0 bytes, hal_gpio.o(i.GPIO_ReadInputDataBit))
<BR><BR>[Called By]<UL><LI><a href="#[19]">&gt;&gt;</a>&nbsp;&nbsp;&nbsp;main
</UL>

<P><STRONG><a name="[33]"></a>GPIO_ReadOutputDataBit</STRONG> (Thumb, 10 bytes, Stack size 0 bytes, hal_gpio.o(i.GPIO_ReadOutputDataBit))
<BR><BR>[Called By]<UL><LI><a href="#[32]">&gt;&gt;</a>&nbsp;&nbsp;&nbsp;GPIO_IO_Toggle
</UL>

<P><STRONG><a name="[34]"></a>GPIO_ResetBits</STRONG> (Thumb, 4 bytes, Stack size 0 bytes, hal_gpio.o(i.GPIO_ResetBits))
<BR><BR>[Called By]<UL><LI><a href="#[32]">&gt;&gt;</a>&nbsp;&nbsp;&nbsp;GPIO_IO_Toggle
<LI><a href="#[2b]">&gt;&gt;</a>&nbsp;&nbsp;&nbsp;stopBLDC
</UL>

<P><STRONG><a name="[35]"></a>GPIO_SetBits</STRONG> (Thumb, 4 bytes, Stack size 0 bytes, hal_gpio.o(i.GPIO_SetBits))
<BR><BR>[Called By]<UL><LI><a href="#[32]">&gt;&gt;</a>&nbsp;&nbsp;&nbsp;GPIO_IO_Toggle
<LI><a href="#[3c]">&gt;&gt;</a>&nbsp;&nbsp;&nbsp;startBLDC
</UL>

<P><STRONG><a name="[2f]"></a>GPIO_StructInit</STRONG> (Thumb, 16 bytes, Stack size 0 bytes, hal_gpio.o(i.GPIO_StructInit))
<BR><BR>[Called By]<UL><LI><a href="#[41]">&gt;&gt;</a>&nbsp;&nbsp;&nbsp;initBLDC
<LI><a href="#[2d]">&gt;&gt;</a>&nbsp;&nbsp;&nbsp;GPIO_Configure
</UL>

<P><STRONG><a name="[31]"></a>GPIO_WriteBit</STRONG> (Thumb, 12 bytes, Stack size 0 bytes, hal_gpio.o(i.GPIO_WriteBit))
<BR><BR>[Called By]<UL><LI><a href="#[2d]">&gt;&gt;</a>&nbsp;&nbsp;&nbsp;GPIO_Configure
</UL>

<P><STRONG><a name="[43]"></a>HWDIV_UsignConfig</STRONG> (Thumb, 18 bytes, Stack size 0 bytes, hal_hwdiv.o(i.HWDIV_UsignConfig))
<BR><BR>[Called By]<UL><LI><a href="#[41]">&gt;&gt;</a>&nbsp;&nbsp;&nbsp;initBLDC
</UL>

<P><STRONG><a name="[2]"></a>HardFault_Handler</STRONG> (Thumb, 2 bytes, Stack size 0 bytes, mm32spin0230_it.o(i.HardFault_Handler))
<BR><BR>[Calls]<UL><LI><a href="#[2]">&gt;&gt;</a>&nbsp;&nbsp;&nbsp;HardFault_Handler
</UL>
<BR>[Called By]<UL><LI><a href="#[2]">&gt;&gt;</a>&nbsp;&nbsp;&nbsp;HardFault_Handler
</UL>
<BR>[Address Reference Count : 1]<UL><LI> startup_mm32spin0230_keil.o(RESET)
</UL>
<P><STRONG><a name="[29]"></a>MotorHighFrequencyStateMachine</STRONG> (Thumb, 840 bytes, Stack size 32 bytes, mccontrol.o(i.MotorHighFrequencyStateMachine))
<BR><BR>[Stack]<UL><LI>Max Depth = 52<LI>Call Chain = MotorHighFrequencyStateMachine &rArr; stopBLDC &rArr; TIM_CCxCmd
</UL>
<BR>[Calls]<UL><LI><a href="#[3a]">&gt;&gt;</a>&nbsp;&nbsp;&nbsp;resetALL
<LI><a href="#[3b]">&gt;&gt;</a>&nbsp;&nbsp;&nbsp;MotorZeroCore
<LI><a href="#[2b]">&gt;&gt;</a>&nbsp;&nbsp;&nbsp;stopBLDC
<LI><a href="#[3c]">&gt;&gt;</a>&nbsp;&nbsp;&nbsp;startBLDC
<LI><a href="#[2c]">&gt;&gt;</a>&nbsp;&nbsp;&nbsp;hardwareUnsignedDiv
<LI><a href="#[1c]">&gt;&gt;</a>&nbsp;&nbsp;&nbsp;BLDC_UH_VL
<LI><a href="#[38]">&gt;&gt;</a>&nbsp;&nbsp;&nbsp;BLDC_SwitchOnAllLowSides
<LI><a href="#[39]">&gt;&gt;</a>&nbsp;&nbsp;&nbsp;BLDC_SwitchOffAllLowSides
<LI><a href="#[37]">&gt;&gt;</a>&nbsp;&nbsp;&nbsp;BLDC_GetBusVoltage
<LI><a href="#[36]">&gt;&gt;</a>&nbsp;&nbsp;&nbsp;BLDC_GetBusCurrent
</UL>
<BR>[Called By]<UL><LI><a href="#[10]">&gt;&gt;</a>&nbsp;&nbsp;&nbsp;ADC_IRQHandler
</UL>

<P><STRONG><a name="[3b]"></a>MotorZeroCore</STRONG> (Thumb, 198 bytes, Stack size 16 bytes, mcsensorless.o(i.MotorZeroCore))
<BR><BR>[Stack]<UL><LI>Max Depth = 16<LI>Call Chain = MotorZeroCore
</UL>
<BR>[Called By]<UL><LI><a href="#[29]">&gt;&gt;</a>&nbsp;&nbsp;&nbsp;MotorHighFrequencyStateMachine
</UL>

<P><STRONG><a name="[1]"></a>NMI_Handler</STRONG> (Thumb, 2 bytes, Stack size 0 bytes, mm32spin0230_it.o(i.NMI_Handler))
<BR>[Address Reference Count : 1]<UL><LI> startup_mm32spin0230_keil.o(RESET)
</UL>
<P><STRONG><a name="[42]"></a>NVIC_Init</STRONG> (Thumb, 70 bytes, Stack size 8 bytes, hal_misc.o(i.NVIC_Init))
<BR><BR>[Stack]<UL><LI>Max Depth = 8<LI>Call Chain = NVIC_Init
</UL>
<BR>[Called By]<UL><LI><a href="#[41]">&gt;&gt;</a>&nbsp;&nbsp;&nbsp;initBLDC
</UL>

<P><STRONG><a name="[3d]"></a>PLATFORM_Init</STRONG> (Thumb, 8 bytes, Stack size 8 bytes, platform.o(i.PLATFORM_Init))
<BR><BR>[Stack]<UL><LI>Max Depth = 44<LI>Call Chain = PLATFORM_Init &rArr; PLATFORM_InitDelay &rArr; __aeabi_uidivmod
</UL>
<BR>[Calls]<UL><LI><a href="#[3e]">&gt;&gt;</a>&nbsp;&nbsp;&nbsp;PLATFORM_InitDelay
</UL>
<BR>[Called By]<UL><LI><a href="#[19]">&gt;&gt;</a>&nbsp;&nbsp;&nbsp;main
</UL>

<P><STRONG><a name="[3e]"></a>PLATFORM_InitDelay</STRONG> (Thumb, 72 bytes, Stack size 24 bytes, platform.o(i.PLATFORM_InitDelay))
<BR><BR>[Stack]<UL><LI>Max Depth = 36<LI>Call Chain = PLATFORM_InitDelay &rArr; __aeabi_uidivmod
</UL>
<BR>[Calls]<UL><LI><a href="#[3f]">&gt;&gt;</a>&nbsp;&nbsp;&nbsp;RCC_GetClocksFreq
<LI><a href="#[40]">&gt;&gt;</a>&nbsp;&nbsp;&nbsp;__aeabi_uidivmod
</UL>
<BR>[Called By]<UL><LI><a href="#[3d]">&gt;&gt;</a>&nbsp;&nbsp;&nbsp;PLATFORM_Init
</UL>

<P><STRONG><a name="[4]"></a>PendSV_Handler</STRONG> (Thumb, 2 bytes, Stack size 0 bytes, mm32spin0230_it.o(i.PendSV_Handler))
<BR>[Address Reference Count : 1]<UL><LI> startup_mm32spin0230_keil.o(RESET)
</UL>
<P><STRONG><a name="[2e]"></a>RCC_AHBPeriphClockCmd</STRONG> (Thumb, 18 bytes, Stack size 0 bytes, hal_rcc.o(i.RCC_AHBPeriphClockCmd))
<BR><BR>[Called By]<UL><LI><a href="#[41]">&gt;&gt;</a>&nbsp;&nbsp;&nbsp;initBLDC
<LI><a href="#[2d]">&gt;&gt;</a>&nbsp;&nbsp;&nbsp;GPIO_Configure
</UL>

<P><STRONG><a name="[44]"></a>RCC_APB1PeriphClockCmd</STRONG> (Thumb, 18 bytes, Stack size 0 bytes, hal_rcc.o(i.RCC_APB1PeriphClockCmd))
<BR><BR>[Called By]<UL><LI><a href="#[41]">&gt;&gt;</a>&nbsp;&nbsp;&nbsp;initBLDC
</UL>

<P><STRONG><a name="[3f]"></a>RCC_GetClocksFreq</STRONG> (Thumb, 56 bytes, Stack size 0 bytes, hal_rcc.o(i.RCC_GetClocksFreq))
<BR><BR>[Called By]<UL><LI><a href="#[3e]">&gt;&gt;</a>&nbsp;&nbsp;&nbsp;PLATFORM_InitDelay
</UL>

<P><STRONG><a name="[3]"></a>SVC_Handler</STRONG> (Thumb, 2 bytes, Stack size 0 bytes, mm32spin0230_it.o(i.SVC_Handler))
<BR>[Address Reference Count : 1]<UL><LI> startup_mm32spin0230_keil.o(RESET)
</UL>
<P><STRONG><a name="[5]"></a>SysTick_Handler</STRONG> (Thumb, 8 bytes, Stack size 8 bytes, mm32spin0230_it.o(i.SysTick_Handler))
<BR><BR>[Stack]<UL><LI>Max Depth = 44<LI>Call Chain = SysTick_Handler &rArr; BLDC_Exc &rArr; stopBLDC &rArr; TIM_CCxCmd
</UL>
<BR>[Calls]<UL><LI><a href="#[2a]">&gt;&gt;</a>&nbsp;&nbsp;&nbsp;BLDC_Exc
</UL>
<BR>[Address Reference Count : 1]<UL><LI> startup_mm32spin0230_keil.o(RESET)
</UL>
<P><STRONG><a name="[1a]"></a>SystemInit</STRONG> (Thumb, 210 bytes, Stack size 16 bytes, system_mm32spin0230.o(i.SystemInit))
<BR><BR>[Stack]<UL><LI>Max Depth = 16<LI>Call Chain = SystemInit
</UL>
<BR>[Address Reference Count : 1]<UL><LI> startup_mm32spin0230_keil.o(.text)
</UL>
<P><STRONG><a name="[54]"></a>TIM_ARRPreloadConfig</STRONG> (Thumb, 18 bytes, Stack size 0 bytes, hal_tim.o(i.TIM_ARRPreloadConfig))
<BR><BR>[Called By]<UL><LI><a href="#[41]">&gt;&gt;</a>&nbsp;&nbsp;&nbsp;initBLDC
</UL>

<P><STRONG><a name="[66]"></a>TIM_CCxCmd</STRONG> (Thumb, 24 bytes, Stack size 4 bytes, hal_tim.o(i.TIM_CCxCmd))
<BR><BR>[Stack]<UL><LI>Max Depth = 4<LI>Call Chain = TIM_CCxCmd
</UL>
<BR>[Called By]<UL><LI><a href="#[2b]">&gt;&gt;</a>&nbsp;&nbsp;&nbsp;stopBLDC
<LI><a href="#[3c]">&gt;&gt;</a>&nbsp;&nbsp;&nbsp;startBLDC
</UL>

<P><STRONG><a name="[5c]"></a>TIM_Cmd</STRONG> (Thumb, 20 bytes, Stack size 0 bytes, hal_tim.o(i.TIM_Cmd))
<BR><BR>[Called By]<UL><LI><a href="#[41]">&gt;&gt;</a>&nbsp;&nbsp;&nbsp;initBLDC
</UL>

<P><STRONG><a name="[67]"></a>TIM_CtrlPWMOutputs</STRONG> (Thumb, 20 bytes, Stack size 0 bytes, hal_tim.o(i.TIM_CtrlPWMOutputs))
<BR><BR>[Called By]<UL><LI><a href="#[2b]">&gt;&gt;</a>&nbsp;&nbsp;&nbsp;stopBLDC
<LI><a href="#[3c]">&gt;&gt;</a>&nbsp;&nbsp;&nbsp;startBLDC
</UL>

<P><STRONG><a name="[56]"></a>TIM_OC1Init</STRONG> (Thumb, 124 bytes, Stack size 0 bytes, hal_tim.o(i.TIM_OC1Init))
<BR><BR>[Called By]<UL><LI><a href="#[41]">&gt;&gt;</a>&nbsp;&nbsp;&nbsp;initBLDC
</UL>

<P><STRONG><a name="[59]"></a>TIM_OC1PreloadConfig</STRONG> (Thumb, 14 bytes, Stack size 0 bytes, hal_tim.o(i.TIM_OC1PreloadConfig))
<BR><BR>[Called By]<UL><LI><a href="#[41]">&gt;&gt;</a>&nbsp;&nbsp;&nbsp;initBLDC
</UL>

<P><STRONG><a name="[57]"></a>TIM_OC2Init</STRONG> (Thumb, 126 bytes, Stack size 0 bytes, hal_tim.o(i.TIM_OC2Init))
<BR><BR>[Called By]<UL><LI><a href="#[41]">&gt;&gt;</a>&nbsp;&nbsp;&nbsp;initBLDC
</UL>

<P><STRONG><a name="[5a]"></a>TIM_OC2PreloadConfig</STRONG> (Thumb, 20 bytes, Stack size 0 bytes, hal_tim.o(i.TIM_OC2PreloadConfig))
<BR><BR>[Called By]<UL><LI><a href="#[41]">&gt;&gt;</a>&nbsp;&nbsp;&nbsp;initBLDC
</UL>

<P><STRONG><a name="[58]"></a>TIM_OC3Init</STRONG> (Thumb, 128 bytes, Stack size 0 bytes, hal_tim.o(i.TIM_OC3Init))
<BR><BR>[Called By]<UL><LI><a href="#[41]">&gt;&gt;</a>&nbsp;&nbsp;&nbsp;initBLDC
</UL>

<P><STRONG><a name="[5b]"></a>TIM_OC3PreloadConfig</STRONG> (Thumb, 14 bytes, Stack size 0 bytes, hal_tim.o(i.TIM_OC3PreloadConfig))
<BR><BR>[Called By]<UL><LI><a href="#[41]">&gt;&gt;</a>&nbsp;&nbsp;&nbsp;initBLDC
</UL>

<P><STRONG><a name="[55]"></a>TIM_OCStructInit</STRONG> (Thumb, 20 bytes, Stack size 0 bytes, hal_tim.o(i.TIM_OCStructInit))
<BR><BR>[Called By]<UL><LI><a href="#[41]">&gt;&gt;</a>&nbsp;&nbsp;&nbsp;initBLDC
</UL>

<P><STRONG><a name="[51]"></a>TIM_SelectOutputTrigger</STRONG> (Thumb, 14 bytes, Stack size 0 bytes, hal_tim.o(i.TIM_SelectOutputTrigger))
<BR><BR>[Called By]<UL><LI><a href="#[41]">&gt;&gt;</a>&nbsp;&nbsp;&nbsp;initBLDC
</UL>

<P><STRONG><a name="[53]"></a>TIM_TimeBaseInit</STRONG> (Thumb, 78 bytes, Stack size 8 bytes, hal_tim.o(i.TIM_TimeBaseInit))
<BR><BR>[Stack]<UL><LI>Max Depth = 8<LI>Call Chain = TIM_TimeBaseInit
</UL>
<BR>[Called By]<UL><LI><a href="#[41]">&gt;&gt;</a>&nbsp;&nbsp;&nbsp;initBLDC
</UL>

<P><STRONG><a name="[52]"></a>TIM_TimeBaseStructInit</STRONG> (Thumb, 18 bytes, Stack size 0 bytes, hal_tim.o(i.TIM_TimeBaseStructInit))
<BR><BR>[Called By]<UL><LI><a href="#[41]">&gt;&gt;</a>&nbsp;&nbsp;&nbsp;initBLDC
</UL>

<P><STRONG><a name="[70]"></a>__scatterload_copy</STRONG> (Thumb, 14 bytes, Stack size unknown bytes, handlers.o(i.__scatterload_copy), UNUSED)

<P><STRONG><a name="[71]"></a>__scatterload_null</STRONG> (Thumb, 2 bytes, Stack size unknown bytes, handlers.o(i.__scatterload_null), UNUSED)

<P><STRONG><a name="[72]"></a>__scatterload_zeroinit</STRONG> (Thumb, 14 bytes, Stack size unknown bytes, handlers.o(i.__scatterload_zeroinit), UNUSED)

<P><STRONG><a name="[2c]"></a>hardwareUnsignedDiv</STRONG> (Thumb, 10 bytes, Stack size 0 bytes, mcconfig.o(i.hardwareUnsignedDiv))
<BR><BR>[Called By]<UL><LI><a href="#[29]">&gt;&gt;</a>&nbsp;&nbsp;&nbsp;MotorHighFrequencyStateMachine
<LI><a href="#[2a]">&gt;&gt;</a>&nbsp;&nbsp;&nbsp;BLDC_Exc
</UL>

<P><STRONG><a name="[41]"></a>initBLDC</STRONG> (Thumb, 542 bytes, Stack size 104 bytes, mcconfig.o(i.initBLDC))
<BR><BR>[Stack]<UL><LI>Max Depth = 124<LI>Call Chain = initBLDC &rArr; GPIO_Init
</UL>
<BR>[Calls]<UL><LI><a href="#[45]">&gt;&gt;</a>&nbsp;&nbsp;&nbsp;ADC_StructInit
<LI><a href="#[47]">&gt;&gt;</a>&nbsp;&nbsp;&nbsp;ADC_SampleTimeConfig
<LI><a href="#[4b]">&gt;&gt;</a>&nbsp;&nbsp;&nbsp;ADC_InjectedExternalTrigSourceConfig
<LI><a href="#[4c]">&gt;&gt;</a>&nbsp;&nbsp;&nbsp;ADC_InjectedExternalTrigConvCmd
<LI><a href="#[4d]">&gt;&gt;</a>&nbsp;&nbsp;&nbsp;ADC_InjectedConvCmd
<LI><a href="#[49]">&gt;&gt;</a>&nbsp;&nbsp;&nbsp;ADC_InjectedChannelSelect
<LI><a href="#[4a]">&gt;&gt;</a>&nbsp;&nbsp;&nbsp;ADC_InjectedChannelOffsetCfg
<LI><a href="#[48]">&gt;&gt;</a>&nbsp;&nbsp;&nbsp;ADC_InjectedChannelNumCfg
<LI><a href="#[46]">&gt;&gt;</a>&nbsp;&nbsp;&nbsp;ADC_Init
<LI><a href="#[4e]">&gt;&gt;</a>&nbsp;&nbsp;&nbsp;ADC_ITConfig
<LI><a href="#[4f]">&gt;&gt;</a>&nbsp;&nbsp;&nbsp;ADC_Cmd
<LI><a href="#[44]">&gt;&gt;</a>&nbsp;&nbsp;&nbsp;RCC_APB1PeriphClockCmd
<LI><a href="#[50]">&gt;&gt;</a>&nbsp;&nbsp;&nbsp;GPIO_PinAFConfig
<LI><a href="#[2e]">&gt;&gt;</a>&nbsp;&nbsp;&nbsp;RCC_AHBPeriphClockCmd
<LI><a href="#[2f]">&gt;&gt;</a>&nbsp;&nbsp;&nbsp;GPIO_StructInit
<LI><a href="#[30]">&gt;&gt;</a>&nbsp;&nbsp;&nbsp;GPIO_Init
<LI><a href="#[42]">&gt;&gt;</a>&nbsp;&nbsp;&nbsp;NVIC_Init
<LI><a href="#[43]">&gt;&gt;</a>&nbsp;&nbsp;&nbsp;HWDIV_UsignConfig
<LI><a href="#[5d]">&gt;&gt;</a>&nbsp;&nbsp;&nbsp;BLDC_CmdInit
<LI><a href="#[52]">&gt;&gt;</a>&nbsp;&nbsp;&nbsp;TIM_TimeBaseStructInit
<LI><a href="#[53]">&gt;&gt;</a>&nbsp;&nbsp;&nbsp;TIM_TimeBaseInit
<LI><a href="#[51]">&gt;&gt;</a>&nbsp;&nbsp;&nbsp;TIM_SelectOutputTrigger
<LI><a href="#[55]">&gt;&gt;</a>&nbsp;&nbsp;&nbsp;TIM_OCStructInit
<LI><a href="#[5b]">&gt;&gt;</a>&nbsp;&nbsp;&nbsp;TIM_OC3PreloadConfig
<LI><a href="#[58]">&gt;&gt;</a>&nbsp;&nbsp;&nbsp;TIM_OC3Init
<LI><a href="#[5a]">&gt;&gt;</a>&nbsp;&nbsp;&nbsp;TIM_OC2PreloadConfig
<LI><a href="#[57]">&gt;&gt;</a>&nbsp;&nbsp;&nbsp;TIM_OC2Init
<LI><a href="#[59]">&gt;&gt;</a>&nbsp;&nbsp;&nbsp;TIM_OC1PreloadConfig
<LI><a href="#[56]">&gt;&gt;</a>&nbsp;&nbsp;&nbsp;TIM_OC1Init
<LI><a href="#[5c]">&gt;&gt;</a>&nbsp;&nbsp;&nbsp;TIM_Cmd
<LI><a href="#[54]">&gt;&gt;</a>&nbsp;&nbsp;&nbsp;TIM_ARRPreloadConfig
</UL>
<BR>[Called By]<UL><LI><a href="#[19]">&gt;&gt;</a>&nbsp;&nbsp;&nbsp;main
</UL>

<P><STRONG><a name="[19]"></a>main</STRONG> (Thumb, 262 bytes, Stack size 8 bytes, main.o(i.main))
<BR><BR>[Stack]<UL><LI>Max Depth = 132<LI>Call Chain = main &rArr; initBLDC &rArr; GPIO_Init
</UL>
<BR>[Calls]<UL><LI><a href="#[41]">&gt;&gt;</a>&nbsp;&nbsp;&nbsp;initBLDC
<LI><a href="#[3d]">&gt;&gt;</a>&nbsp;&nbsp;&nbsp;PLATFORM_Init
<LI><a href="#[60]">&gt;&gt;</a>&nbsp;&nbsp;&nbsp;GPIO_ReadInputDataBit
<LI><a href="#[32]">&gt;&gt;</a>&nbsp;&nbsp;&nbsp;GPIO_IO_Toggle
<LI><a href="#[2d]">&gt;&gt;</a>&nbsp;&nbsp;&nbsp;GPIO_Configure
<LI><a href="#[61]">&gt;&gt;</a>&nbsp;&nbsp;&nbsp;BLDC_Delay
<LI><a href="#[5f]">&gt;&gt;</a>&nbsp;&nbsp;&nbsp;BLDC_CMD_WaitExc
<LI><a href="#[64]">&gt;&gt;</a>&nbsp;&nbsp;&nbsp;BLDC_CMD_Stop
<LI><a href="#[63]">&gt;&gt;</a>&nbsp;&nbsp;&nbsp;BLDC_CMD_Start
<LI><a href="#[62]">&gt;&gt;</a>&nbsp;&nbsp;&nbsp;BLDC_CMD_SetSpeed
<LI><a href="#[5e]">&gt;&gt;</a>&nbsp;&nbsp;&nbsp;BLDC_CMD_SetDirection
<LI><a href="#[65]">&gt;&gt;</a>&nbsp;&nbsp;&nbsp;BLDC_CMD_Reverse
</UL>
<BR>[Address Reference Count : 1]<UL><LI> entry9a.o(.ARM.Collect$$$$0000000B)
</UL>
<P><STRONG><a name="[3a]"></a>resetALL</STRONG> (Thumb, 64 bytes, Stack size 0 bytes, mcglobal.o(i.resetALL))
<BR><BR>[Called By]<UL><LI><a href="#[29]">&gt;&gt;</a>&nbsp;&nbsp;&nbsp;MotorHighFrequencyStateMachine
</UL>

<P><STRONG><a name="[3c]"></a>startBLDC</STRONG> (Thumb, 54 bytes, Stack size 8 bytes, mcconfig.o(i.startBLDC))
<BR><BR>[Stack]<UL><LI>Max Depth = 12<LI>Call Chain = startBLDC &rArr; TIM_CCxCmd
</UL>
<BR>[Calls]<UL><LI><a href="#[35]">&gt;&gt;</a>&nbsp;&nbsp;&nbsp;GPIO_SetBits
<LI><a href="#[67]">&gt;&gt;</a>&nbsp;&nbsp;&nbsp;TIM_CtrlPWMOutputs
<LI><a href="#[66]">&gt;&gt;</a>&nbsp;&nbsp;&nbsp;TIM_CCxCmd
</UL>
<BR>[Called By]<UL><LI><a href="#[29]">&gt;&gt;</a>&nbsp;&nbsp;&nbsp;MotorHighFrequencyStateMachine
</UL>

<P><STRONG><a name="[2b]"></a>stopBLDC</STRONG> (Thumb, 80 bytes, Stack size 16 bytes, mcconfig.o(i.stopBLDC))
<BR><BR>[Stack]<UL><LI>Max Depth = 20<LI>Call Chain = stopBLDC &rArr; TIM_CCxCmd
</UL>
<BR>[Calls]<UL><LI><a href="#[34]">&gt;&gt;</a>&nbsp;&nbsp;&nbsp;GPIO_ResetBits
<LI><a href="#[67]">&gt;&gt;</a>&nbsp;&nbsp;&nbsp;TIM_CtrlPWMOutputs
<LI><a href="#[66]">&gt;&gt;</a>&nbsp;&nbsp;&nbsp;TIM_CCxCmd
</UL>
<BR>[Called By]<UL><LI><a href="#[29]">&gt;&gt;</a>&nbsp;&nbsp;&nbsp;MotorHighFrequencyStateMachine
<LI><a href="#[2a]">&gt;&gt;</a>&nbsp;&nbsp;&nbsp;BLDC_Exc
</UL>
<P>
<H3>
Local Symbols
</H3><P>
<H3>
Undefined Global Symbols
</H3>
<P><STRONG><a name="[25]"></a>__arm_fini_</STRONG> (Unknown, 0 bytes, Stack size 0 bytes, UNDEFINED)
<BR><BR>[Called By]<UL><LI><a href="#[24]">&gt;&gt;</a>&nbsp;&nbsp;&nbsp;__rt_lib_shutdown_fini
</UL>
<HR></body></html>
