<html>
<body>
<pre>
<h1>µVision Build Log</h1>
<h2>Tool Versions:</h2>
IDE-Version: ¶ÃVision V5.36.0.0
Copyright (C) 2021 ARM Ltd and ARM Germany GmbH. All rights reserved.
License Information: 1 ibm, 1, LIC=UJWP0-BE54N-TG17T-RUUNL-FY8S6-99VQC
 
Tool Versions:
Toolchain:       MDK-ARM Plus  Version: 5.36.0.0
Toolchain Path:  C:\Keil_v5\ARM\ARMCC\Bin
C Compiler:      Armcc.exe V5.06 update 7 (build 960)
Assembler:       Armasm.exe V5.06 update 7 (build 960)
Linker/Locator:  ArmLink.exe V5.06 update 7 (build 960)
Library Manager: ArmAr.exe V5.06 update 7 (build 960)
Hex Converter:   FromElf.exe V5.06 update 7 (build 960)
CPU DLL:         SARMCM3.DLL V5.36.0.0
Dialog DLL:      DARMCM1.DLL V1.19.4.0
Target DLL:      Segger\JL2CM3.dll V2.99.40.0
Dialog DLL:      TARMCM1.DLL V1.14.4.0
 
<h2>Project:</h2>
C:\Users\MrYang\Desktop\µÁ◊ÍBLDC≤‚ ‘\Keilπ§≥Ã\Sample\LibSamples\MotorControl\BLDC_Sensorless\MDK-ARM\BLDC_Sensorless.uvprojx
Project File Date:  09/12/2023

<h2>Output:</h2>
*** Using Compiler 'V5.06 update 7 (build 960)', folder: 'C:\Keil_v5\ARM\ARMCC\Bin'
Rebuild target 'BLDC_Sensorless'
compiling mm32spin0230_it.c...
compiling hal_dbg.c...
compiling platform.c...
compiling hal_comp.c...
compiling hal_hwdiv.c...
compiling hal_exti.c...
compiling hal_dma.c...
compiling gpio_led_toggle.c...
compiling main.c...
compiling hal_gpio.c...
compiling hal_iwdg.c...
compiling hal_flash.c...
compiling hal_adc.c...
compiling hal_misc.c...
compiling hal_opamp.c...
compiling hal_pwr.c...
assembling startup_mm32spin0230_keil.s...
compiling hal_syscfg.c...
compiling hal_rcc.c...
compiling hal_uid.c...
compiling system_mm32spin0230.c...
compiling hal_usart.c...
compiling mcConfig.c...
compiling hal_tim.c...
compiling mcGlobal.c...
compiling mcCMD.c...
compiling mcTable.c...
compiling mcSensorless.c...
compiling mcControl.c...
linking...
Program Size: Code=5492 RO-data=232 RW-data=128 ZI-data=1104  
FromELF: creating hex file...
".\Objects\BLDC_Sensorless.axf" - 0 Error(s), 0 Warning(s).

<h2>Software Packages used:</h2>

Package Vendor: MindMotion
                http://www.mindmotion.com.cn/Download/MDK_KEIL/MindMotion.MM32SPIN0230_DFP.0.5.0.pack
                MindMotion.MM32SPIN0230_DFP.0.5.0
                MindMotion MM32SPIN0230 Series Device Support, Drivers and Examples

<h2>Collection of Component include folders:</h2>
  C:\Keil_v5\ARM\PACK\MindMotion\MM32SPIN0230_DFP\0.5.0\Device\MM32G5332D

<h2>Collection of Component Files used:</h2>
Build Time Elapsed:  00:00:01
</pre>
</body>
</html>
